✔ public synthetic service has no account-specific data and ignores auth/cookies rather than exposing it (136.508292ms)
✔ sandbox rejects arbitrary fields, reflection, duplicates, URLs, mutations and oversized queries (106.89025ms)
✔ sandbox throttling and disable switch do not affect unrelated routes (28.824042ms)
✔ published schemas exercise the adapter against actual local HTTP handlers, not fixture return stubs (20.580542ms)
✔ admin usage summaries keep every user's tenant totals separate (0.68025ms)
✔ user usage detail cannot mix another workspace's calls or reveal private conversation titles (0.535625ms)
✔ usage details match both user and workspace, even with cross-tenant IDs (0.150875ms)
✔ new un-used accounts and freshly issued Keys are not reported as active usage (0.116875ms)
✔ daily usage uses the China reporting day independent of server timezone (0.12375ms)
✔ usage history is server-paginated and period filtering keeps whole totals (16.562958ms)
✔ AI inventory covers auxiliary calls, not just orchestration (0.975667ms)
✔ tool policy intersects all grants and rejects local tools for both published entries (0.978416ms)
✔ public QA ceiling cannot be widened by grants, global configuration or localOnly labels (0.311541ms)
✔ coordinator attachment handoff guidance stays editable, without replacing published prompts (2.500291ms)
✔ every implemented AI role has an editable runtime prompt and model binding (2.657791ms)
✔ runtime defaults match editable templates, never mutate models or replace published overrides (23.960667ms)
✔ presets are editable and legacy additive instructions survive conversion (0.292375ms)
✔ draft, publish, immutable running snapshot, rollback and optimistic revision (0.24875ms)
✔ unknown/planned tasks, wrong model kind and arbitrary tools fail closed (0.129792ms)
✔ AI task routes gate all reads/writes by Key and role; no workspace data or secrets exposed (142.657667ms)
✔ chunk upload, crash offset recovery, full text beyond 30k and question-based tail retrieval (387.219833ms)
✔ private sidecars reject both cross-workspace and cross-conversation access before disk IO (1.066334ms)
✔ full document summaries visit every segment and preserve billing-callback failure (4.026584ms)
✔ malformed files fail safely, retry is scoped, queued work recovers after restart (695.764208ms)
✔ upload limits, incomplete upload expiry and cleanup retain conversation data (9.998833ms)
✔ PPT media does not consume text budget; dangerous XML expansion remains rejected (4200.326583ms)
﹣ 110 MB PPT uploads in bounded chunks and parses in the isolated worker (0.318916ms) # SKIP
✔ batch gifts commit exact scoped receipts, skip disabled users, and replay after restart without another credit (1.9225ms)
✔ nonadmins and corrupt memberships/accounts cannot receive partial batch writes (0.121666ms)
✔ meaningful beta activity counts completed user answers, not logins, model steps or failed calls (36.750625ms)
✔ feedback copies no private message, source, or conversation title and derives its own request ID (2.360667ms)
✔ feedback request IDs survive trace retention and prefer the exact saved message request (0.222791ms)
✔ feedback rejects foreign messages and workspace spoofing including same-workspace different-user records (0.996833ms)
✔ optional feedback comments require explicit consent and appear only on dedicated feedback view (0.20875ms)
✔ feedback revisions append events, identical retries do not duplicate, and stats count one current rating per answer (0.146375ms)
✔ latest feedback survives unordered SQL rows and identical update timestamps (0.185041ms)
✔ sending skips every onboarding stage without inventing profile fields or touching other users (10.147584ms)
✔ a display name is independent of username and onboarding survives another device or later name change (0.163583ms)
✔ profile rejects a foreign workspace, missing membership, or disabled account (0.110667ms)
✔ onboarding does not accept a different user's connected knowledge or a client-forged completion (0.163166ms)
✔ profile rejects invisible and overlong names, returns a defensive copy, and does not partially apply failed edits (0.167584ms)
✔ response-loss retry and process restart reuse the saved answer without retrieval, model or charge (34.429625ms)
✔ parallel identical requests are rejected safely while only one operation is reserved (0.256125ms)
✔ same operation id with changed content, model, attachment or options never executes (0.466833ms)
✔ equivalent JSON object key order hashes identically (0.5285ms)
✔ same-conversation concurrent different operations are blocked until the first completes (0.576209ms)
✔ new conversations gain the same serialization guard as existing conversations (3.224708ms)
✔ workspace and user scopes prevent both replay access and foreign-conversation binding (5.942292ms)
✔ disabled users and suspended workspaces cannot replay previously saved private results (0.264292ms)
✔ replay is detached and ends at the original assistant reply, not later messages (0.212333ms)
✔ deleted conversation leaves a tombstone so an old request cannot cause another charge (0.228375ms)
✔ restart changes unfinished requests to uncertain without ever re-executing them (0.16225ms)
✔ failed attempts stay failed for the same operation id; known safe failures permit an explicit new operation (0.191042ms)
✔ an after-completion HTTP failure never overwrites the durable successful result (0.159292ms)
✔ failed result transaction rolls back both response and completion; retry remains safely blocked (0.168334ms)
✔ invalid operation ids and non-JSON payloads cannot reserve rows (0.209875ms)
✔ failed-message cleanup and conversation unlock commit atomically, including storage failure (0.24525ms)
✔ mid-call account disable permits durable finalization, never public replay access (0.147583ms)
✔ mid-call account disable still permits failure cleanup with strict operation ownership (0.111583ms)
✔ real chat HTTP route: Key gating, durable replay, attachment followup and restart isolation (3274.722583ms)
✔ connector registry rejects duplicates and unknown disable targets (1.347334ms)
✔ connector list is scoped, secret-free and does not claim runtime readiness (1.395917ms)
✔ connector status distinguishes pending, revoked, expired, missing credentials and errors (1.657834ms)
✔ explicit knowledge check uses only authorized credentials and sanitizes failures (73.327625ms)
✔ an explicit successful check clears an old failure without changing another workspace (1.193625ms)
✔ an in-flight connection check cannot revive a revoked connection (0.501667ms)
✔ execution dispatch enforces membership, owner, device and original runtime (5.83125ms)
✔ disabled adapters cannot check, recall, dispatch or silently select a fallback (1.150791ms)
✔ connector HTTP routes reject anonymous access and ignore client identity overrides (75.354125ms)
✔ authorization sessions encrypt secrets and bind device polling to workspace and user (2.95225ms)
✔ OAuth state is hashed, single-use and survives a service instance restart (0.377792ms)
✔ cancelling a pending flow is exact-scoped and prevents a later commit (0.264375ms)
✔ an expired device authorization is removed and cannot be polled again (0.583333ms)
✔ bounded HTTPS pins public DNS, rejects redirects/private addresses/oversize and completes live SSE (11.992916ms)
✔ MCP initialize, session headers, discovery without execution and JSON/SSE results (3.631417ms)
✔ definitions require readonly, supported schemas and canonical pinning (0.274333ms)
✔ shared OAuth application still uses each workspace's own credential (72.545917ms)
✔ a stored transient GetNote error permits recall and an explicit connection check (6.308459ms)
✔ expired and malformed-expiry GetNote credentials do not trigger remote requests (0.878042ms)
✔ pending, revoked, missing and cross-workspace GetNote credentials stay disconnected (0.290375ms)
✔ GetNote diagnostics never return a remote response body containing secrets (0.585041ms)
✔ connector endpoints require exact allowlisted HTTPS hosts (0.556875ms)
✔ connector JSON responses are bounded even without content-length (22.53ms)
✔ context trace separates every model input into readable text sections (0.524208ms)
✔ context diagnostics never expose another user or workspace to an administrator (0.403667ms)
✔ one account cannot evict another account's context diagnostics (8.677167ms)
✔ explicit server handoff survives source deletion but corrupt references do not grant another conversation access (1.13275ms)
✔ follow-up questions retain previous user attachments from this conversation (0.271167ms)
✔ attachment history is restricted by workspace, user, conversation and message role (9.586833ms)
✔ current uploads precede the newest historical files, with deduplication and hard file/image caps (0.8955ms)
✔ restart reconstruction restores safe summaries and rejects corrupt cross-owner references (1.011875ms)
✔ restart reconstruction preserves per-answer diagnostics and feedback request identity (0.59075ms)
✔ new conversations cannot implicitly acquire unattached uploads or old conversations' files (0.363792ms)
✔ attachment context marks untrusted text and communicates truncation within its total cap (2.360792ms)
✔ legacy assistant restrictions remain enforced before accepting or charging a task supplement (28.562291ms)
✔ legacy continuation preserves original history and attached file handoff is scoped and survives restart views (68.218458ms)
✔ on-disk restart restores executor configuration, task originals and unstarted queue (504.762458ms)
✔ truncated task output is not a completed result; own trace preserves actual input (14.267708ms)
✔ natural local execution requires the enabled tool, saves complete handoff and never runs a cloud worker (7.305459ms)
✔ on-demand task reading is private and local completion reporting is persistent and idempotent (8.595959ms)
✔ a batch briefing is one message with all task links and replays never duplicate it (2.878583ms)
✔ local dispatch preserves the handoff, bypasses cloud worker and replay never executes twice (5.166625ms)
✔ completed result returns to the main dialogue once and cannot leak another user result (14.4735ms)
✔ failed core routing preserves only its owner's safe diagnostic receipt (1.043292ms)
✔ omitted task budget has a usable bounded default; explicit smaller caps remain unchanged (1.7945ms)
✔ HTTP routes require trusted Key/admin gates and isolate task and operation receipts (107.346292ms)
✔ real model-backed routing preserves one main conversation, separates original words, and replay does not call or charge twice (11.364333ms)
✔ same-task supplements wait; another task proceeds; running snapshot excludes the new supplement (95.343041ms)
✔ direct task continuation never changes the main conversation, and scoped reads/notifications cannot cross users (14.843ms)
✔ executor profiles use different models and immutable versions; stopping the profile stops further calls (26.907458ms)
✔ Key loss, insufficient budget and malformed/foreign routing never trigger a worker call (5.564958ms)
✔ failed tasks pause their supplements; restart marks only in-flight work interrupted and never replays it (38.940625ms)
✔ knowledge revocation is checked before worker billing; public credentials and private prompt snapshots stay off task receipts (21.063667ms)
✔ relational metadata preserves the exact workspace boundary (0.911125ms)
✔ device-derived records inherit only their bound workspace (0.105584ms)
✔ deployment preserves only unstarted durable queues; active, ordinary or unknown pending operations still block (139.024833ms)
✔ execution receipts retain source and round, deduplicate and isolate workspace and owner (7.997083ms)
✔ execution trace cannot expose another workspace or user's instruction (0.109125ms)
✔ long execution histories retain the original goal and latest handoff beside the recent context (1.038417ms)
✔ execution handoff stops at the selected message and stays in the workspace (0.480875ms)
✔ public execution task never exposes the compiled instruction or device id (0.088459ms)
✔ confirmation retains the saved dispatch brief but excludes foreign and later handoffs (0.221959ms)
✔ task events are isolated by workspace and user (0.142583ms)
✔ direct execution saves the draft once, preserves legacy context and rejects foreign ownership (0.46525ms)
✔ credentials are encrypted, scoped, omitted from public users and invalidated on rotation/revoke (7.420125ms)
✔ copied ciphertext cannot be moved between users or endpoints; no arbitrary credential destination (2.07375ms)
✔ credential HTTP endpoints enforce Key, own workspace and reviewed destinations; discovery is admin only (189.833292ms)
✔ feature release and scoped receipts survive real store restart; pending work never auto-replays (786.676375ms)
✔ publication requires approval/admin; immutable released version survives drafts; pause does not auto-resume (5.465958ms)
✔ own selected knowledge, trace, payer and result; stable receipt does not execute twice (8.544458ms)
✔ no implicit knowledge, foreign source rejection, budget and Key denial before calls (2.66575ms)
✔ revocation, republish, unpublish, account switch and Key removal stop subsequent calls (72.587834ms)
✔ concurrent distinct requests have one claimant; restart interrupts without auto replay (8.460542ms)
✔ HTTP consumer routes require Key, separate recipients and hide definitions; async receipt survives refresh (176.97475ms)
✔ HTTP publishing requires admin and fresh revision; recipients paginate without exposing credentials (18.921916ms)
✔ execution uses own auth, redacts reflected secrets and stops before calling drifted tools (11.336541ms)
✔ agent calls two structured tools, bills actual usage, saves private trace and replays without calls (17.129084ms)
✔ budget and Key failures prevent model calls; mutations cancel further execution (33.304125ms)
✔ tool definitions reject endpoint injection and preserve legacy metadata (0.2965ms)
✔ HTTP trial results enforce admin, Key and own workspace; failed runs remain queryable (150.717583ms)
✔ Feishu routes require Key middleware, bind server workspace and exclude credentials (102.672833ms)
✔ MCP transport rejects unreviewed hosts, redirects configuration and unexpected paths before sending credentials (38.669083ms)
✔ MCP transport bounds both declared and streaming payloads (2.179542ms)
✔ encrypts provider credentials with authenticated encryption (2.124416ms)
✔ binds new provider credentials to the exact workspace and field (0.340792ms)
✔ rejects a modified credential (0.1385ms)
✔ Feishu OAuth uses PKCE, encrypted scoped storage, owner authorization and one-use state (44.531125ms)
✔ Feishu confirmed write uses owned server message and persistent deduplication (11.602833ms)
✔ Feishu ambiguous writes never blindly repeat; disconnect removes access (2.672084ms)
✔ expired authorization and cancelled callback cannot resurrect a connection (3.951ms)
✔ concurrent retrieval refreshes only once and keeps tokens encrypted (14.449417ms)
✔ flomo OAuth uses official endpoints, PKCE, encrypted workspace-bound state and rejects replay/wrong provider (100.677416ms)
✔ flomo registration never borrows another workspace's OAuth client (2.173084ms)
✔ flomo cancelled reconnect preserves working credentials; disconnect cannot be resurrected by a late callback (3.421375ms)
✔ flomo calls only reviewed search and batch-read, bounded topK and exact selected IDs (4.158791ms)
✔ flomo supports reviewed schema variants and refuses unknown required fields or write tools (0.347667ms)
✔ flomo rejects unusable tools during authorization instead of falsely marking connected (1.989667ms)
✔ flomo refresh affects only the exact workspace (2.610875ms)
✔ flomo never forwards echoed credentials into knowledge context (1.820708ms)
✔ legacy personal application cannot override the CLI authorization entry (0.370542ms)
✔ an explicit OAuth application override is independent from legacy test credentials (0.065875ms)
✔ real HTTP 200 pending response remains pending until a credential arrives (23.9645ms)
✔ uses GetNote device authorization and global knowledge search (2.486291ms)
✔ does not duplicate an already-prefixed Bearer credential (0.461917ms)
✔ rejects a provider-supplied authorization link outside the approved domain (0.567917ms)
✔ recognizes every terminal device authorization state without polling forever (0.837125ms)
✔ recognizes pending device authorization states in provider error envelopes (0.71175ms)
✔ reads provider codes from the nested error envelope (0.445291ms)
✔ maps membership and scope failures to safe actionable errors (0.885ms)
✔ marks provider outages retryable without exposing a response body (0.76725ms)
✔ unknown token errors are not reported as user rejection (0.719791ms)
✔ terminal token errors retain upstream diagnostics for authorization audits (1.387ms)
✔ HTTP 200 server_error token state remains retryable (0.285208ms)
✔ searches the connected workspace globally without requiring a knowledge-space binding (25.568625ms)
✔ does not call a provider with another workspace's connection (0.655584ms)
✔ sanitizes hostile provider errors and bounds returned context (0.834333ms)
✔ a transient recall error recovers on the next request and only updates the owning connection (1.193083ms)
✔ knowledge diagnostics distinguish authorization, permissions, quota and timeout without leaking remote errors (4.882917ms)
✔ explicit public source selection never widens to other connected sources or workspaces (0.28175ms)
✔ partial provider failures remain visible alongside successful retrievals (0.506042ms)
✔ an empty successful provider and a failed provider are a partial search, not an all-provider outage (1.32325ms)
✔ database persistence errors are not mislabeled as provider failures or retried writes (1.318833ms)
✔ unconnected providers are not queried and are different from a successful empty search (0.425375ms)
✔ parallel provider results preserve round-robin fairness and bounded topK (0.230666ms)
✔ a completed old-credential request cannot undo a disconnect or overwrite a newer authorization (2.74325ms)
✔ Notion OAuth uses PKCE, stores only encrypted tokens and rejects state replay (19.466958ms)
✔ cancelling a reconnect keeps the existing working Notion connection (0.486792ms)
✔ Notion search calls only the reviewed read-only tools and parses fetched pages (0.996792ms)
✔ Notion refresh stays scoped to the exact workspace connection (1.030833ms)
✔ reviewed MCP adapters ignore write tools and never cross workspaces (5.07775ms)
✔ 印象笔记 OAuth1 授权加密保存、单次使用并精确绑定 workspace (3.774042ms)
✔ 印象笔记检索只调用读取方法并将 ENML 转为有界参考资料 (8.449208ms)
✔ 印象笔记拒绝平台返回的非官方 NoteStore 地址 (0.313667ms)
{"event":"local_agent_model_request_started","requestId":"local-task-a-1","modelId":"model-a","model":"test-model","inputMessages":3,"tools":6}
{"event":"local_agent_model_request_completed","requestId":"local-task-a-1","modelId":"model-a","durationMs":50,"toolCalls":1}
{"event":"local_agent_model_request_started","requestId":"local-task-a-2","modelId":"model-a","model":"test-model","inputMessages":5,"tools":6}
{"event":"local_agent_model_request_completed","requestId":"local-task-a-2","modelId":"model-a","durationMs":2,"toolCalls":0}
{"event":"local_agent_model_request_started","requestId":"local-task-a-1","modelId":"model-a","model":"test-model","inputMessages":3,"tools":6}
✔ Local Agent policy: normal (76.336625ms)
{"event":"local_agent_model_request_completed","requestId":"local-task-a-1","modelId":"model-a","durationMs":71,"toolCalls":1}
{"event":"local_agent_model_request_started","requestId":"local-task-a-1","modelId":"model-a","model":"test-model","inputMessages":3,"tools":0}
✔ Local Agent policy: unplug (89.04475ms)
{"event":"local_agent_model_request_completed","requestId":"local-task-a-1","modelId":"model-a","durationMs":5,"toolCalls":1}
{"event":"local_agent_model_request_started","requestId":"local-task-a-2","modelId":"model-a","model":"test-model","inputMessages":5,"tools":0}
{"event":"local_agent_model_request_completed","requestId":"local-task-a-2","modelId":"model-a","durationMs":3,"toolCalls":0}
{"event":"local_agent_model_request_started","requestId":"local-task-a-1","modelId":"model-a","model":"test-model","inputMessages":3,"tools":5}
✔ Local Agent policy: excluded (24.372333ms)
{"event":"local_agent_model_request_completed","requestId":"local-task-a-1","modelId":"model-a","durationMs":1,"toolCalls":1}
{"event":"local_agent_model_request_started","requestId":"local-task-a-2","modelId":"model-a","model":"test-model","inputMessages":5,"tools":5}
{"event":"local_agent_model_request_completed","requestId":"local-task-a-2","modelId":"model-a","durationMs":3,"toolCalls":0}
✔ Local Agent policy: native-command (11.325583ms)
✔ directory settings and execution receipts are computer/owner/round bound, with immutable cancellation and disconnect (133.469167ms)
✔ password sessions cannot call ONE Key protected routes (0.795333ms)
✔ a previously verified ONE Key session can continue to the protected route (0.078791ms)
✔ admin routes require both the admin's own live Key and current database role (0.706333ms)
✔ only the dedicated GET update-status route can inspect metadata without a fresh proof (0.968292ms)
✔ runtime metadata rejects invalid Key ownership and revoked or disconnected Keys (0.159666ms)
✔ Key sessions cannot override their exact workspace binding with a browser header (0.13175ms)
✔ unplugged Keys and disabled users cannot reach private routes (0.212875ms)
✔ malformed login credentials return 401 without throwing or checking USB presence (0.112917ms)
✔ old tabs cannot use a changed login cookie as another user (0.13ms)
✔ cache buckets bill separately, freeze costs, isolate owners and survive replay (3.98425ms)
✔ missing cache prices retain usage and a review hold, never charge standard input (0.297584ms)
✔ durable billing charges once and freezes prices while the model runs (0.216833ms)
✔ simultaneous calls cannot both reserve the last available balance (0.396917ms)
✔ unknown usage retains a review hold; another tenant and duplicate resolution cannot spend it (0.331ms)
✔ provider failure records duration and releases its own reservation without charging (0.225083ms)
✔ a transient DB failure while releasing a failed call leaves a reviewable hold (0.235125ms)
✔ a provider overrun returns the answer, caps retail and records full modeled cost (0.191709ms)
✔ restart preserves uncertain holds and explicit waiver releases them idempotently (0.199208ms)
✔ image calls require explicit fixed prices and do not silently become free (0.296375ms)
✔ disabled accounts and forged workspace bindings never call the upstream (0.163708ms)
{"event":"model_request_started","requestId":"unknown","modelId":"test","model":"fixture","inputMessages":1,"inputChars":4,"maxOutputTokens":3000}
✔ unknown end reasons are not invented; known truncation and filtering are normalized (0.412084ms)
{"event":"model_request_completed","requestId":"unknown","modelId":"test","durationMs":38,"outputChars":13}
{"event":"local_agent_model_request_started","requestId":"unknown","modelId":"test","model":"fixture","inputMessages":1,"tools":0}
{"event":"local_agent_model_request_completed","requestId":"unknown","modelId":"test","durationMs":7,"toolCalls":0}
{"event":"model_request_started","requestId":"unknown","modelId":"test","model":"fixture","protocol":"anthropic","inputMessages":1,"inputChars":4,"maxOutputTokens":3000}
✔ openai: both text and tool APIs keep partial content, usage and length flag (50.586708ms)
{"event":"model_request_completed","requestId":"unknown","modelId":"test","protocol":"anthropic","durationMs":6,"outputChars":13}
{"event":"local_agent_model_request_started","requestId":"unknown","modelId":"test","model":"fixture","protocol":"anthropic","inputMessages":1,"tools":0}
{"event":"local_agent_model_request_completed","requestId":"unknown","modelId":"test","protocol":"anthropic","durationMs":3,"toolCalls":0}
✔ anthropic: both text and tool APIs keep partial content, usage and length flag (11.241333ms)
{"event":"local_agent_model_request_started","requestId":"tool-test","modelId":"model-a","model":"test-model","inputMessages":1,"tools":1}
{"event":"local_agent_model_request_completed","requestId":"tool-test","modelId":"model-a","durationMs":28,"toolCalls":1}
{"event":"local_agent_model_request_started","requestId":"required-openai","modelId":"model-a","model":"test-model","inputMessages":1,"tools":1}
{"event":"local_agent_model_request_completed","requestId":"required-openai","modelId":"model-a","durationMs":2,"toolCalls":1}
{"event":"local_agent_model_request_started","requestId":"anthropic-tool-test","modelId":"model-b","model":"claude-test","protocol":"anthropic","inputMessages":3,"tools":1}
✔ passes OpenAI function tools and returns tool calls (57.839833ms)
{"event":"local_agent_model_request_completed","requestId":"anthropic-tool-test","modelId":"model-b","protocol":"anthropic","durationMs":8,"toolCalls":1}
{"event":"local_agent_model_request_started","requestId":"required-anthropic","modelId":"model-b","model":"claude-test","protocol":"anthropic","inputMessages":1,"tools":1}
{"event":"local_agent_model_request_completed","requestId":"required-anthropic","modelId":"model-b","protocol":"anthropic","durationMs":18,"toolCalls":1}
{"event":"local_agent_model_request_started","requestId":"estimated-usage-test","modelId":"model-c","model":"test-model","inputMessages":1,"tools":0}
✔ translates Anthropic tool use and tool results (28.646666ms)
{"event":"local_agent_model_request_completed","requestId":"estimated-usage-test","modelId":"model-c","durationMs":2,"toolCalls":0}
✔ leaves usage unknown when a gateway omits token counts instead of inventing a charge (1.936292ms)
✔ invalid and partial provider usage cannot become billable zero or negative tokens (0.116792ms)
✔ OpenAI cache reads are a subset, while Anthropic cache counters are independent (0.146417ms)
✔ malformed or contradictory cache counters cannot enter billing (0.092792ms)
{"event":"local_agent_model_request_started","requestId":"unknown","modelId":"test","model":"test","inputMessages":1,"tools":0}
✔ the gateway deadline also covers a stalled response body (84.026625ms)
✔ provider error bodies do not leak echoed credentials or prompts into user errors and logs (2.019459ms)
✔ one supplier factor derives every cost privately without rewriting previous versions (7.386042ms)
✔ cache price publication applies retail multiplier but keeps costs private and scheduled (0.272916ms)
✔ scheduled pricing, procurement and notice share the exact effective boundary after restart (0.266334ms)
✔ only admins publish/cancel, pending schedules block replacement, cancellation retains history (0.329875ms)
✔ official versions are immutable; stale edits rejected; restore cannot re-enable paused features (7.531542ms)
✔ malformed input, uploaded script fields, unsupported integrations and unconfirmed approval fail closed (0.237708ms)
✔ HTTP management requires admin and Key for every route; ignores forged tenant/actor and never exposes runtime (189.539958ms)
✔ Key on B never unlocks browser A; unplug, reinsert and reconnect preserve computer binding (56.627708ms)
✔ execution dispatch and pending local responses stay bound to the original computer socket (14.253292ms)
✔ two different Keys on one computer retain independent presence through reconnect (57.599292ms)
✔ requires a fresh ONE Key signature for a protected request (5.243916ms)
✔ accepts execution events only for the authenticated device workspace (8.492125ms)
✔ negotiates local tools and isolates request responses to the authenticated task (5.62075ms)
✔ binds runtime update status and dispatch to the authenticated workspace and computer (4116.437791ms)
✔ authenticated interrupted-install recovery is checkpointed before acknowledgement and rejects stale receipts (35.00575ms)
✔ keeps one resident per Key and computer while allowing a newer runtime to take over (2009.067208ms)
✔ provisions a key and redeems a signed challenge exactly once (6.772458ms)
✔ rejects invalid signatures and revoked keys (0.938084ms)
✔ does not provision a key across workspace membership boundaries (0.379667ms)
✔ backup status never claims a missing verification marker is healthy (1.689958ms)
✔ admin payment check verifies exact order and credits only its owner once (99.072ms)
✔ billing HTTP pagination is owner-scoped and rejects a foreign payment before contacting WeChat (59.087417ms)
✔ payment replay freezes recharge exchange rate and settlement credits only the exact owner once (5.106542ms)
✔ custom yuan recharge freezes fen and micro-power, isolates owners, and settles once (0.684542ms)
✔ custom recharge rejects malformed, out-of-range and zero-credit amounts (0.319208ms)
✔ legacy ONE payment retries keep their merchant order number and do not create a second order (0.230542ms)
✔ payment signature rejects a modified body, untrusted key id, and stale notification (94.070417ms)
✔ price publication preserves prior request snapshot and never changes wallet balances (1.211292ms)
✔ calculates customer charge and private upstream cost independently (1.673167ms)
✔ power mutations cannot fall through to another workspace account (0.663417ms)
✔ credit and charge append immutable balance snapshots (3.21625ms)
✔ gift entries can be grouped by a durable batch id (0.101792ms)
✔ concurrent calls cannot spend power reserved by an in-flight request (0.138291ms)
✔ failed calls release reservations without charging (0.083875ms)
✔ metrics count successful bound activity, not logins/failures/admin/test/cross-workspace content (6.291458ms)
✔ public visitors belong to their account, not publisher; anonymous traffic is not registrations (0.371833ms)
✔ retention requires a complete observation day; only settled verified recharge and actual charges count (0.337958ms)
✔ admin metrics endpoints enforce Key/role, paginate, export aggregates and audit reversible exclusions (115.842875ms)
✔ commercial charges exclude admin/test subsidies while retaining eligible visitor consumption (0.282791ms)
✔ factory provisioning accepts only a complete production credential (0.98875ms)
✔ factory provisioning refuses old ONE payloads and unrelated user files (0.125709ms)
✔ factory provisioning only accepts one explicit child of Volumes (0.082667ms)
✔ factory provisioning requires both launchers to declare safe update protocol v1 (0.911875ms)
✔ visitor accounts have private workspace binding, no registration gift and hashed passwords (406.447375ms)
✔ real visitor HTTP cookies are independent, account switches fail closed, password revokes prior sessions (555.057833ms)
✔ API hash, ownership, version, independent requests and reservation quota are enforced (160.157791ms)
✔ real API routes require owner Key, isolate keys and cancel without resurrecting or double charging (261.983667ms)
✔ visitor pays actual multiplier; only consumed recharge markup creates split revenue, never充值 or gifts (416.569583ms)
✔ subsidies reserve and charge the exact owner share; unknown usage restores both holds once (202.963625ms)
✔ named owner sponsorship enforces visitor identity, expiry, revocation and explicit paid consent (98.816083ms)
✔ simultaneous paid runs cannot spend the same visitor balance; provider failure releases dual holds without income (92.947708ms)
{"event":"model_request_started","requestId":"pqr_65f5f891e074c5220abd","modelId":"model","model":"fixture","inputMessages":2,"inputChars":183,"maxOutputTokens":3000}
{"event":"model_request_completed","requestId":"pqr_65f5f891e074c5220abd","modelId":"model","durationMs":2,"outputChars":22}
✔ paid sharing HTTP binds logged-in visitor, rejects stolen sessions and never exposes questions in earnings (191.764667ms)
✔ same-link update preserves charges, rejects stale edits and starts fresh guest context (5.0265ms)
✔ legacy version one is compatible; closed links never reopen and old prompt is not concatenated twice (0.347209ms)
✔ publication snapshots are explicit, owner-scoped and public source grants fail closed (0.232042ms)
✔ visitor tokens, task receipts, attachments and publications cannot cross sessions (0.370709ms)
✔ public answer uses only selected sources and guest history; payer and receipt are durable (0.822583ms)
✔ revocation during retrieval stops before the paid call; guests never gain tool execution (0.3605ms)
✔ publication budget is checked in the same transaction as model reservation (7.389792ms)
✔ commerce policy, visitor credentials, API hashes, paid principal and revenue survive a real restart (649.148167ms)
✔ public records survive a real JSON-store restart and incomplete tasks are not retried (834.690541ms)
{"event":"model_request_started","requestId":"pqr_2378b5374eaf2a43b838","modelId":"model","model":"fixture","inputMessages":2,"inputChars":407,"maxOutputTokens":3000}
{"event":"model_request_completed","requestId":"pqr_2378b5374eaf2a43b838","modelId":"model","durationMs":3,"outputChars":23}
✔ real HTTP public flow: Key-managed publication, isolated uploads, paid question, durable receipt and close (556.4375ms)
✔ compares numeric launcher versions without lexical mistakes (0.635666ms)
✔ verifies the signed bytes before accepting an update catalog (2.47425ms)
✔ selects only the current platform and compatible architecture (0.094792ms)
✔ does not re-offer a package during the resident hand-off (0.076583ms)
✔ interrupted installation receipts are bound to the latest exact owner, request, platform and version (1.736ms)
✔ confirmed update receipts require a new runtime and exact owner binding (1.82975ms)
✔ update checkpoints survive restart without claiming a running upgrade or retrying an uncertain write (0.195833ms)
✔ update recovery is exact scoped to workspace, account, Key, computer and OS (0.083458ms)
✔ latest attempt wins independent of SQL row order; completed beats delayed earlier phases (0.10025ms)
✔ disconnected update metadata expires and never crosses an owner boundary (0.140708ms)
✔ supports a longer ONE Key session without changing the default token lifetime (0.583625ms)
✔ user model choices expose only display data and cannot reveal supplier configuration (0.677084ms)
✔ admin model editor gets configuration but never credentials (0.165583ms)
✔ personal billing contains charged usage but no procurement cost or future private fields (0.114583ms)
✔ operational audits cannot include provider error bodies or private document details (0.07775ms)
✔ two different OpenAPI parameter shapes use the same adapter; query is encoded; result is checked (5.32125ms)
✔ unsupported specs never silently weaken auth, schema or endpoint restrictions (0.290208ms)
✔ egress blocks private, reserved, metadata and IPv6; no redirect fallback or secret-bearing errors (5.228667ms)
✔ pilot claims once, isolates accounts, omits contents from audit and rejects stale approval (3.77575ms)
✔ HTTPS transport pins checked DNS and rejects redirects, non-JSON, oversized and malformed responses (5.03025ms)
✔ concurrent repeat never calls twice; revocation during execution suppresses output (0.525375ms)
✔ HTTP pilot remains Key/admin gated and unavailable without reviewed server registration (51.438708ms)
✔ persisted pilot claim survives a real store restart; unfinished operation is never repeated (420.159459ms)
✔ failed tool records a safe trace before stopping, never provider secrets or a second model call (2.201458ms)
✔ public executor rejects forbidden tools before any model charge and forged calls never execute (10.960417ms)
✔ dispatcher transmits editable descriptions, reuses duplicate reads and delivers result (0.233625ms)
✔ unavailable tools, invalid arguments and revoked authorization never execute (0.174166ms)
✔ step limit never reports false completion (0.1155ms)
✔ truncated answers stay visible but truncated tool instructions never execute (1.069417ms)
✔ uses a user's default workspace (0.464083ms)
✔ rejects a workspace owned by another tenant (0.078292ms)
✔ personality always names ONE, never its internal logo nickname (0.513375ms)
✔ personality copy is varied and never immediately repeats (0.332125ms)
✔ eggs are rare, not immediate, and recent copy is avoided (0.141416ms)
✔ onboarding starts with a nickname and completed accounts see no repeat welcome (10.863834ms)
✔ knowledge onboarding is action-first and keeps only the required disclosure (19.228209ms)
✔ profile names render as plain text and feedback does not reveal a saved shared comment before expanding (3.977ms)
✔ per-user beta insights starts folded without requesting or rendering any other user's data (0.861834ms)
✔ ambiguous retries retain the original operation ID until explicitly resolved (8.459166ms)
✔ operation IDs and pending lists are isolated by user (2.75775ms)
✔ coordinator retry IDs survive unknown receipts and remain separate from ordinary chat (0.955792ms)
✔ resolved or explicitly safe submissions can be forgotten without clearing other requests (1.030792ms)
✔ browser storage contains only operation metadata, never prompt or credential text (1.033625ms)
✔ blocked browser storage still reuses and explicitly releases the in-memory operation (0.951875ms)
✔ the pending limit blocks new requests instead of evicting ambiguous operations (6.449125ms)
✔ persisted metadata is reused after an earlier page instance, with malformed storage ignored (0.958791ms)
✔ multiple skills compose into one task, keep words and reuse independent of selection order (0.944625ms)
✔ master waits for acknowledgement, not worker; duplicate submissions are ignored (0.286458ms)
✔ original words route to separate papers; follow-up uses last conversation rather than viewed paper (0.501708ms)
✔ same-task supplements queue and merge into next round without modifying active snapshot (0.1905ms)
✔ held notes do not run, stop cancels pending work, failure retains requirements for retry (0.209166ms)
✔ completion never changes draft or selected paper; reports do not consume drafts (0.092083ms)
✔ completion stays outside the conversation until the task is opened (0.098125ms)
✔ selected function applies once without replacing user words; later turns route normally (0.116459ms)
✔ unknown input is not assigned to a fake new task (0.100708ms)
✔ explicit binding wins over guessing, viewing alone does not bind, and unbinding restores routing (0.128917ms)
✔ handoff instructions are distinct from source text and direct task replies leave the coordinator alone (0.111584ms)
✔ result messages stay in the assistant conversation exactly once, without opening tasks (0.1305ms)
✔ enterprise entry explains administrator enablement and uses the supplied contact QR (4.937ms)
✔ flomo explains MAX requirement and read-only behavior before authorization (0.182542ms)
✔ enterprise entries respect search and connection filtering without hiding connected Feishu (0.726875ms)
✔ only the current settled dispatch can close optimistic execution feedback (0.374375ms)
✔ preview preserves the main conversation and result identity across navigation (0.755417ms)
✔ features is a top-level destination; knowledge and OAuth returns live in settings (0.240208ms)
✔ cost disclosure is compact but explicit fee consent remains required (0.086959ms)
✔ only the logo moves; previous page cannot leave a double-image trail (0.320959ms)
✔ equipment view displays authorized capabilities without pretending automatic calling is live (0.183625ms)
✔ GetNote polling keeps the transaction through Key reinsertion and retryable provider failures (0.413959ms)
✔ the authorization window is opened during the click and safely falls back when blocked (0.393042ms)
✔ unconfigured Yinxiang shows the official approval blocker for disconnected states (0.493334ms)
✔ official approval copy does not override connected accounts or other providers (0.098583ms)
✔ public text answers cannot automatically load model-supplied remote images (9.668584ms)
✔ inline and block mathematics render, including the reported meeting probability notation (31.091417ms)
✔ code stays literal and malformed math never breaks the rest of the answer (7.2525ms)
✔ untrusted HTML and TeX cannot execute scripts or create javascript links (3.306375ms)
✔ private requests send the expected account and preserve same-origin credentials (13.215458ms)
✔ identity probes and authentication requests do not inherit the previous account header (2.701667ms)
✔ FormData uploads leave the content type boundary to the browser (0.423542ms)
✔ a late response from the previous account is discarded and requests a session refresh (0.50775ms)
✔ the server SESSION_CHANGED code refreshes the browser even without a local account change (0.308875ms)
✔ HTTP errors preserve explicit retry safety and request identifiers without inferring safety from status (0.848875ms)
✔ non-JSON gateway timeout remains ambiguous rather than authorizing a new paid request (1.237375ms)
✔ session announcements contain an opaque revision and tolerate disabled storage (0.964083ms)
✔ an old component continuation cannot send its payload after the account changed before fetch (0.291625ms)
✔ a scoped private request cannot override the owning account through custom headers (0.227875ms)
✔ an account-bound request discards its response when the account changes in flight (0.179417ms)
✔ adjacent conversation shelf stays direct, but home and settings retain their routes (1.072ms)
✔ cross-screen moves leave the near edge and peek in from the opposite edge (0.489083ms)
✔ ordinary paths stay between endpoints, optionally pausing without a detour (0.177917ms)
✔ ordinary nearby moves and mobile layouts retain the short transition (0.068417ms)
✔ fixed page routes cannot fall back to traversing the screen at narrow widths (0.169916ms)
✔ every page pair is bounded by the actual home to settings distance (0.162125ms)
✔ companion hover has no competing CSS squash animation (0.5515ms)
✔ companion gaze is bounded and releases gradually at its outer edge (2.270167ms)
✔ critically damped pupil settles without springy overshoot (0.3225ms)
✔ natural and affectionate blinks return fully open (0.21025ms)
✔ friendly eyelid response eases in and out rather than switching shape (0.204792ms)
✔ aperture stays rounded and finite at every blink position (0.507583ms)
✔ current reply waiting stops at first content and never belongs to old answers (0.413375ms)
✔ feature invitation stays quiet while typing, working, reading or configuring (0.090167ms)
✔ late task history never replaces a newer live completion (0.722917ms)
✔ task snapshots preserve other background tasks and update only matching ids (11.487917ms)
✔ failed send recovery preserves newer notes and deduplicates attachments (0.19875ms)
✔ a failed task can restore its own draft without another task's content (0.087583ms)
✔ explicit historical selection wins over running work in the same conversation (0.584125ms)
✔ invalid and cross-conversation selections fall back to this conversation's running task (0.093625ms)
✔ default execution selection prefers active work, then newest within its category (7.167292ms)
✔ selection returns null for absent conversations and ignores stale duplicate snapshots (0.07525ms)
✔ execution selection preserves caller order and task values (0.092041ms)
✔ only a visible matching conversation can automatically read a notice (0.063708ms)
✔ initial task history does not produce completion notifications (0.365208ms)
✔ each live execution state can transition to each settled state (0.149541ms)
✔ repeated, stale, unknown and unrelated snapshots never notify (0.080917ms)
✔ live-to-settled transition at the same timestamp is not lost (0.104875ms)
✔ resumed execution earns attention again when it next completes (0.074875ms)
✔ duplicate snapshots use newest task states and notify once (0.054ms)
✔ activity chooses a running execution over newer terminal history (0.152584ms)
✔ activity chooses the newest task within the same execution category (0.493ms)
✔ a stale duplicate task does not make completed work look active (0.070667ms)
✔ execution outranks chat loading and failed sends; loading outranks failed sends (0.112125ms)
✔ ordinary conversations stay recent, including unrecognized task statuses (0.088375ms)
✔ archived conversations remain hidden unless busy or unread (0.101ms)
✔ tasks whose conversations have not loaded still have one readable row (2.817792ms)
✔ newest conversation metadata wins without duplicating activity (0.191542ms)
✔ activity sorts busy first, unread next, then most recently updated (0.466291ms)
✔ helpers leave snapshots and caller-owned sets untouched (0.188084ms)
✔ Mac installed files ask for a fresh launch immediately, not endless automatic handoff (0.567208ms)
✔ update UI resumes polling an active install after a page refresh (0.068459ms)
✔ stale prepare/download/reconnect stages never leave the update button busy forever (0.095084ms)
✔ reconnected launchers without a progress record stop the old spinner (0.358791ms)
✔ current version and explicit failure clear the pending state (0.077084ms)
✔ restored ambiguous updates never become an ordinary update button after refresh (0.070166ms)
✔ manual update checks expose feedback and identity without dispatching installation (0.722083ms)
✔ handoff polls without claiming success or asking for a new installation (0.085708ms)
✔ success requires a connected matching runtime receipt, not completed installation or absent catalog (0.09825ms)
✔ a finished earlier version does not block offering a newer repair release (0.116125ms)
✔ Things continues the selected conversation, not the workbench, and awaits pending results (7.213ms)
✔ Things ambiguous failures retain the operation ID; accounts and conversations never share it (3.696125ms)
✔ Things does not clear an unconfirmed response or submit a missing model (0.997584ms)
✔ Things execution belongs to the selected saved thread, through its latest message (0.690834ms)
✔ discounted snapshot is applied once; components sum to settled charge (0.498542ms)
✔ one-hour and unspecified cache buckets retain original billing (0.095667ms)
✔ caps are explicit and unknown, waived, failed or fixed records do not invent detail (0.096416ms)
✔ user detail uses power, collapsed cache and no multiplier or raw usage (15.632875ms)
✔ discount compares the historical official snapshot including cache, not rounded charge divided by multiplier (1.485917ms)
ℹ tests 436
ℹ suites 0
ℹ pass 435
ℹ fail 0
ℹ cancelled 0
ℹ skipped 1
ℹ todo 0
ℹ duration_ms 8929.080458
